// Jest Snapshot v1, https://goo.gl/fbAQLP

exports[`Render should render bike form 1`] = `
<div
  className="add-bike"
>
  <div>
    <h1>
      New biek day
    </h1>
    <p
      className="add-bike__preamble"
    >
      fira mit ein vätska! En titel och minst en bild är kravet.
    </p>
    <BikeForm
      onSubmit={[Function]}
      user={
        Immutable.Map {
          "instagram": "peteholmberg",
        }
      }
    />
  </div>
</div>
`;

exports[`Render should render component 1`] = `
<div
  className="add-bike"
/>
`;

exports[`Render should render redirect if not authenticated 1`] = `
<Redirect
  push={false}
  to={
    Object {
      "pathname": "/login",
      "state": Object {
        "from": undefined,
      },
    }
  }
/>
`;
