// Jest Snapshot v1, https://goo.gl/fbAQLP

exports[`Render should render component 1`] = `
<form
  className="edit-bike"
>
  <BikeInput
    className="edit-bike__input"
    handleChange={[Function]}
    key="0-title"
    name="title"
    placeholder="title"
    value="dolan"
  />
  <BikeInput
    className="edit-bike__input"
    handleChange={[Function]}
    key="1-frame"
    name="frame"
    placeholder="frame"
    value="dolan"
  />
  <BikeInput
    className="edit-bike__input"
    handleChange={[Function]}
    key="2-fork"
    name="fork"
    placeholder="fork"
    value="alpina"
  />
  <BikeInput
    className="edit-bike__input"
    handleChange={[Function]}
    key="3-cranks"
    name="cranks"
    placeholder="cranks"
    value="dura ace"
  />
  <BikeInput
    className="edit-bike__input"
    handleChange={[Function]}
    key="4-pedals"
    name="pedals"
    placeholder="pedals"
    value="time"
  />
  <BikeInput
    className="edit-bike__input"
    handleChange={[Function]}
    key="5-drivetrain"
    name="drivetrain"
    placeholder="drivetrain"
    value="kmc"
  />
  <BikeInput
    className="edit-bike__input"
    handleChange={[Function]}
    key="6-handlebars"
    name="handlebars"
    placeholder="handlebars"
    value="easton"
  />
  <BikeInput
    className="edit-bike__input"
    handleChange={[Function]}
    key="7-saddle"
    name="saddle"
    placeholder="saddle"
    value="slr"
  />
  <BikeInput
    className="edit-bike__input"
    handleChange={[Function]}
    key="8-frontWheel"
    name="frontWheel"
    placeholder="frontWheel"
    value="halo"
  />
  <BikeInput
    className="edit-bike__input"
    handleChange={[Function]}
    key="9-rearWheel"
    name="rearWheel"
    placeholder="rearWheel"
    value="halo"
  />
  <BikeInput
    className="edit-bike__input"
    handleChange={[Function]}
    key="11-instagram"
    name="instagram"
    placeholder="instagram"
    value="fistasthlm"
  />
</form>
`;
