// Jest Snapshot v1, https://goo.gl/fbAQLP

exports[`Render should render component 1`] = `
<div
  className="navbar"
/>
`;

exports[`Render should render links 1`] = `
<div
  className="navbar"
>
  <NavLink
    activeClassName="active"
    ariaCurrent="true"
    className="nav-item"
    exact={true}
    key="0-/"
    to="/"
  >
    Home
  </NavLink>
  <NavLink
    activeClassName="active"
    ariaCurrent="true"
    className="nav-item"
    exact={true}
    key="1-/bikes"
    to="/bikes"
  >
    Bikes
  </NavLink>
  <div
    className="nav-item"
    key="0-Log out"
    onClick={[MockFunction]}
  >
    Log out
  </div>
</div>
`;
